[02:39:28] [Server thread/INFO]: Starting minecraft server version 1.7.10
[02:39:36] [Server thread/INFO]: Loading properties
[02:39:36] [Server thread/INFO]: Default game type:[02:39:41] [Client thread/INFO]: Reloading ResourceManager: Default, FMLFileResourcePack:Forge Mod Loader, FMLFileResourcePack:Minecraft Forge, FMLFileResourcePack:NotEnoughItems, FMLFileResourcePack:ItemBlacklist, FMLFileResourcePack:MC Helicopter Overdrive+, FMLFileResourcePack:NoMoreRecipeConflict
[02:40:31] [Client thread/WARN]: File mcheli:sounds/aps_snd.ogg does not exist, cannot add it to event mcheli:aps_snd
[02:40:31] [Client thread/INFO]: Created: 16x16 textures/blocks-atlas
[02:40:31] [Client thread/INFO]: Created: 16x16 textures/items-atlas
[02:40:32] [Sound Library Loader/INFO]: Sound engine started
[02:40:32] [Client thread/INFO]: Reloading ResourceManager: Default, FMLFileResourcePack:Forge Mod Loader, FMLFileResourcePack:Minecraft Forge, FMLFileResourcePack:NotEnoughItems, FMLFileResourcePack:ItemBlacklist, FMLFileResourcePack:MC Helicopter Overdrive+, FMLFileResourcePack:NoMoreRecipeConflict, MCHeli Live Development Resources
[02:40:32] [Client thread/INFO]: Created: 1024x512 textures/blocks-atlas
[02:40:33] [Client thread/INFO]: Created: 2048x2048 textures/items-atlas
[02:40:33] [Client thread/WARN]: File mcheli:sounds/aps_snd.ogg does not exist, cannot add it to event mcheli:aps_snd
[02:40:33] [Client thread/WARN]: File mcheli:sounds/aps_snd.ogg does not exist, cannot add it to event mcheli:aps_snd
[02:40:34] [Sound Library Loader/INFO]: Sound engine started
[02:40:49] [Client thread/INFO]: Connecting to 127.0.0.1, 25565
[02:40:59] [Client thread/INFO]: [CHAT] [Server: Opped developer]
[02:41:02] [Client thread/INFO]: [CHAT] /gamemode, /give, /gamerule
[02:41:02] [Client thread/INFO]: [CHAT] Your game mode has been updated
[02:41:03] [Client thread/INFO]: [CHAT] Developer has just earned the achievement [Taking Inventory]
[02:41:09] [Client thread/INFO]: [CHAT] Banned mcheli:airframe2 * in 0
[02:41:37] [Client thread/INFO]: [CHAT] De-opped Developer
thod) ~[?:1.8.0_422]
	at java.io.FileInputStream.open(FileInputStream.java:195) ~[?:1.8.0_422]
	at java.io.FileInputStream.<init>(FileInputStream.java:138) ~[?:1.8.0_422]
	at com.google.common.io.Files.newReader(Files.java:86) ~[guava-17.0.jar:?]
	at net.minecraft.server.management.UserList.func_152679_g(UserList.java:195) ~[UserList.class:?]
	at net.minecraft.server.dedicated.DedicatedPlayerList.func_152619_x(DedicatedPlayerList.java:112) [DedicatedPlayerList.class:?]
	at net.minecraft.server.dedicated.DedicatedPlayerList.<init>(DedicatedPlayerList.java:33) [DedicatedPlayerList.class:?]
	at net.minecraft.server.dedicated.DedicatedServer.startServer(DedicatedServer.java:214) [DedicatedServer.class:?]
	at net.minecraft.server.MinecraftServer.run(MinecraftServer.java:445) [MinecraftServer.class:?]
	at net.minecraft.server.MinecraftServer$2.run(MinecraftServer.java:752) [MinecraftServer$2.class:?]
[02:39:36] [Server thread/WARN]: Failed to load operators list: 
java.io.FileNotFoundException: ops.json (The system cannot find the file specified)
	at java.io.FileInputStream.open0(Native Method) ~[?:1.8.0_422]
	at java.io.FileInputStream.open(FileInputStream.java:195) ~[?:1.8.0_422]
	at java.io.FileInputStream.<init>(FileInputStream.java:138) ~[?:1.8.0_422]
	at com.google.common.io.Files.newReader(Files.java:86) ~[guava-17.0.jar:?]
	at net.minecraft.server.management.UserList.func_152679_g(UserList.java:195) ~[UserList.class:?]
	at net.minecraft.server.dedicated.DedicatedPlayerList.loadOpsList(DedicatedPlayerList.java:136) [DedicatedPlayerList.class:?]
	at net.minecraft.server.dedicated.DedicatedPlayerList.<init>(DedicatedPlayerList.java:35) [DedicatedPlayerList.class:?]
	at net.minecraft.server.dedicated.DedicatedServer.startServer(DedicatedServer.java:214) [DedicatedServer.class:?]
	at net.minecraft.server.MinecraftServer.run(MinecraftServer.java:445) [MinecraftServer.class:?]
	at net.minecraft.server.MinecraftServer$2.run(MinecraftServer.java:752) [MinecraftServer$2.class:?]
[02:39:36] [Server thread/WARN]: Failed to load white-list: 
java.io.FileNotFoundException: whitelist.json (The system cannot find the file specified)
	at java.io.FileInputStream.open0(Native Method) ~[?:1.8.0_422]
	at java.io.FileInputStream.open(FileInputStream.java:195) ~[?:1.8.0_422]
	at java.io.FileInputStream.<init>(FileInputStream.java:138) ~[?:1.8.0_422]
	at com.google.common.io.Files.newReader(Files.java:86) ~[guava-17.0.jar:?]
	at net.minecraft.server.management.UserList.func_152679_g(UserList.java:195) ~[UserList.class:?]
	at net.minecraft.server.dedicated.DedicatedPlayerList.readWhiteList(DedicatedPlayerList.java:160) [DedicatedPlayerList.class:?]
	at net.minecraft.server.dedicated.DedicatedPlayerList.<init>(DedicatedPlayerList.java:36) [DedicatedPlayerList.class:?]
	at net.minecraft.server.dedicated.DedicatedServer.startServer(DedicatedServer.java:214) [DedicatedServer.class:?]
	at net.minecraft.server.MinecraftServer.run(MinecraftServer.java:445) [MinecraftServer.class:?]
	at net.minecraft.server.MinecraftServer$2.run(MinecraftServer.java:752) [MinecraftServer$2.class:?]
[02:39:36] [Server thread/INFO]: Preparing level "world"
[02:39:37] [Server thread/INFO]: Preparing start region for level 0
[02:39:38] [Server thread/INFO]: Preparing spawn area: 7%
[02:39:39] [Server thread/INFO]: Preparing spawn area: 18%
[02:39:40] [Server thread/INFO]: Preparing spawn area: 36%
[02:39:41] [Server thread/INFO]: Preparing spawn area: 48%
[02:39:42] [Server thread/INFO]: Preparing spawn area: 58%
[02:39:43] [Server thread/INFO]: Preparing spawn area: 70%
[02:39:44] [Server thread/INFO]: Done (7.219s)! For help, type "help" or "?"
[02:40:09] [Server thread/INFO]: No game rule called 'domobspawning' is available
[02:40:18] [Server thread/INFO]: Game rule has been updated
[02:40:23] [Server thread/INFO]: 133 entity killed(.).
[02:40:49] [Server thread/INFO]: Developer[/127.0.0.1:58729] logged in with entity id 1259 at (-205.5, 69.0, 257.5)
[02:40:49] [Server thread/INFO]: Developer joined the game
[02:40:59] [Server thread/INFO]: Opped developer
[02:41:02] [Server thread/INFO]: [Developer: Set own game mode to Creative Mode]
[02:41:03] [Server thread/INFO]: Developer has just earned the achievement [Taking Inventory]
[02:41:37] [Server thread/INFO]: [Developer: De-opped Developer]
